school 4444571 positions; held-out unseen 21403, seen 7983
    400 batches     21 s  validation sign 0.787 (slow alone 0.787) 3-way 0.526  seen sign 0.832 (slow alone 0.832)  kept
    800 batches     45 s  validation sign 0.798 (slow alone 0.798) 3-way 0.523  seen sign 0.849 (slow alone 0.849)  kept
   1200 batches     67 s  validation sign 0.807 (slow alone 0.807) 3-way 0.530  seen sign 0.863 (slow alone 0.863)  kept
   1600 batches     92 s  validation sign 0.797 (slow alone 0.797) 3-way 0.538  seen sign 0.862 (slow alone 0.862)
   2000 batches    116 s  validation sign 0.815 (slow alone 0.815) 3-way 0.549  seen sign 0.893 (slow alone 0.893)  kept
   2400 batches    141 s  validation sign 0.823 (slow alone 0.823) 3-way 0.556  seen sign 0.891 (slow alone 0.891)  kept
   2800 batches    165 s  validation sign 0.817 (slow alone 0.817) 3-way 0.555  seen sign 0.897 (slow alone 0.897)
   3200 batches    190 s  validation sign 0.824 (slow alone 0.824) 3-way 0.569  seen sign 0.911 (slow alone 0.911)  kept
   3600 batches    214 s  validation sign 0.832 (slow alone 0.832) 3-way 0.569  seen sign 0.916 (slow alone 0.916)  kept
   4000 batches    238 s  validation sign 0.834 (slow alone 0.834) 3-way 0.579  seen sign 0.918 (slow alone 0.918)  kept
   4400 batches    263 s  validation sign 0.826 (slow alone 0.826) 3-way 0.572  seen sign 0.911 (slow alone 0.911)
   4800 batches    287 s  validation sign 0.840 (slow alone 0.840) 3-way 0.584  seen sign 0.924 (slow alone 0.924)  kept
   5200 batches    312 s  validation sign 0.825 (slow alone 0.825) 3-way 0.571  seen sign 0.917 (slow alone 0.917)
   5600 batches    336 s  validation sign 0.838 (slow alone 0.838) 3-way 0.601  seen sign 0.925 (slow alone 0.925)
   6000 batches    360 s  validation sign 0.837 (slow alone 0.837) 3-way 0.595  seen sign 0.924 (slow alone 0.924)
   6400 batches    385 s  validation sign 0.847 (slow alone 0.847) 3-way 0.611  seen sign 0.932 (slow alone 0.932)  kept
   6800 batches    409 s  validation sign 0.835 (slow alone 0.835) 3-way 0.608  seen sign 0.927 (slow alone 0.927)
   7200 batches    433 s  validation sign 0.840 (slow alone 0.840) 3-way 0.613  seen sign 0.927 (slow alone 0.927)
   7600 batches    458 s  validation sign 0.849 (slow alone 0.849) 3-way 0.616  seen sign 0.935 (slow alone 0.935)  kept
   8000 batches    482 s  validation sign 0.851 (slow alone 0.851) 3-way 0.619  seen sign 0.938 (slow alone 0.938)  kept
   8400 batches    507 s  validation sign 0.849 (slow alone 0.849) 3-way 0.623  seen sign 0.937 (slow alone 0.937)
   8800 batches    531 s  validation sign 0.849 (slow alone 0.849) 3-way 0.627  seen sign 0.938 (slow alone 0.938)
   9200 batches    556 s  validation sign 0.835 (slow alone 0.835) 3-way 0.620  seen sign 0.927 (slow alone 0.927)
   9600 batches    580 s  validation sign 0.846 (slow alone 0.846) 3-way 0.632  seen sign 0.936 (slow alone 0.936)
  10000 batches    604 s  validation sign 0.857 (slow alone 0.857) 3-way 0.625  seen sign 0.942 (slow alone 0.942)  kept
  10400 batches    629 s  validation sign 0.860 (slow alone 0.860) 3-way 0.630  seen sign 0.946 (slow alone 0.946)  kept
  10800 batches    653 s  validation sign 0.864 (slow alone 0.864) 3-way 0.640  seen sign 0.944 (slow alone 0.944)  kept
  11200 batches    678 s  validation sign 0.854 (slow alone 0.854) 3-way 0.640  seen sign 0.940 (slow alone 0.940)
  11600 batches    702 s  validation sign 0.860 (slow alone 0.860) 3-way 0.646  seen sign 0.945 (slow alone 0.945)
  12000 batches    726 s  validation sign 0.854 (slow alone 0.854) 3-way 0.643  seen sign 0.945 (slow alone 0.945)
  12400 batches    751 s  validation sign 0.856 (slow alone 0.856) 3-way 0.643  seen sign 0.942 (slow alone 0.942)
  12800 batches    775 s  validation sign 0.855 (slow alone 0.855) 3-way 0.635  seen sign 0.940 (slow alone 0.940)
  13200 batches    800 s  validation sign 0.861 (slow alone 0.861) 3-way 0.646  seen sign 0.946 (slow alone 0.946)
  13600 batches    824 s  validation sign 0.854 (slow alone 0.854) 3-way 0.641  seen sign 0.945 (slow alone 0.945)
  14000 batches    848 s  validation sign 0.863 (slow alone 0.863) 3-way 0.647  seen sign 0.949 (slow alone 0.949)
  14400 batches    873 s  validation sign 0.855 (slow alone 0.855) 3-way 0.640  seen sign 0.943 (slow alone 0.943)
  14800 batches    897 s  validation sign 0.859 (slow alone 0.859) 3-way 0.655  seen sign 0.947 (slow alone 0.947)
  15200 batches    921 s  validation sign 0.838 (slow alone 0.838) 3-way 0.630  seen sign 0.936 (slow alone 0.936)
  15600 batches    946 s  validation sign 0.851 (slow alone 0.851) 3-way 0.647  seen sign 0.938 (slow alone 0.938)
  16000 batches    970 s  validation sign 0.870 (slow alone 0.870) 3-way 0.660  seen sign 0.952 (slow alone 0.952)  kept
  16400 batches    995 s  validation sign 0.867 (slow alone 0.867) 3-way 0.649  seen sign 0.949 (slow alone 0.949)
  16800 batches   1019 s  validation sign 0.873 (slow alone 0.873) 3-way 0.656  seen sign 0.956 (slow alone 0.956)  kept
  17200 batches   1043 s  validation sign 0.867 (slow alone 0.867) 3-way 0.661  seen sign 0.953 (slow alone 0.953)
  17600 batches   1068 s  validation sign 0.873 (slow alone 0.873) 3-way 0.657  seen sign 0.955 (slow alone 0.955)  kept
  18000 batches   1092 s  validation sign 0.879 (slow alone 0.879) 3-way 0.668  seen sign 0.957 (slow alone 0.957)  kept
  18400 batches   1116 s  validation sign 0.869 (slow alone 0.869) 3-way 0.655  seen sign 0.953 (slow alone 0.953)
  18800 batches   1141 s  validation sign 0.875 (slow alone 0.875) 3-way 0.665  seen sign 0.959 (slow alone 0.959)
  19200 batches   1165 s  validation sign 0.872 (slow alone 0.872) 3-way 0.654  seen sign 0.954 (slow alone 0.954)
  19600 batches   1189 s  validation sign 0.850 (slow alone 0.850) 3-way 0.631  seen sign 0.939 (slow alone 0.939)
  20000 batches   1213 s  validation sign 0.859 (slow alone 0.859) 3-way 0.643  seen sign 0.942 (slow alone 0.942)
  20400 batches   1238 s  validation sign 0.878 (slow alone 0.878) 3-way 0.668  seen sign 0.958 (slow alone 0.958)
  20800 batches   1262 s  validation sign 0.860 (slow alone 0.860) 3-way 0.655  seen sign 0.949 (slow alone 0.949)
  21200 batches   1287 s  validation sign 0.871 (slow alone 0.871) 3-way 0.662  seen sign 0.954 (slow alone 0.954)
  21600 batches   1311 s  validation sign 0.871 (slow alone 0.871) 3-way 0.663  seen sign 0.956 (slow alone 0.956)
  22000 batches   1335 s  validation sign 0.858 (slow alone 0.858) 3-way 0.659  seen sign 0.948 (slow alone 0.948)
  22400 batches   1359 s  validation sign 0.875 (slow alone 0.875) 3-way 0.663  seen sign 0.956 (slow alone 0.956)
  22800 batches   1384 s  validation sign 0.875 (slow alone 0.875) 3-way 0.672  seen sign 0.959 (slow alone 0.959)
  23200 batches   1408 s  validation sign 0.879 (slow alone 0.879) 3-way 0.673  seen sign 0.960 (slow alone 0.960)  kept
  23600 batches   1433 s  validation sign 0.877 (slow alone 0.877) 3-way 0.668  seen sign 0.957 (slow alone 0.957)
  24000 batches   1457 s  validation sign 0.884 (slow alone 0.884) 3-way 0.676  seen sign 0.965 (slow alone 0.965)  kept
  24400 batches   1481 s  validation sign 0.851 (slow alone 0.851) 3-way 0.648  seen sign 0.937 (slow alone 0.937)
  24800 batches   1506 s  validation sign 0.885 (slow alone 0.885) 3-way 0.677  seen sign 0.961 (slow alone 0.961)  kept
  25200 batches   1530 s  validation sign 0.886 (slow alone 0.886) 3-way 0.673  seen sign 0.961 (slow alone 0.961)  kept
  25600 batches   1555 s  validation sign 0.884 (slow alone 0.884) 3-way 0.676  seen sign 0.961 (slow alone 0.961)
  26000 batches   1580 s  validation sign 0.880 (slow alone 0.880) 3-way 0.674  seen sign 0.959 (slow alone 0.959)
  26400 batches   1604 s  validation sign 0.883 (slow alone 0.883) 3-way 0.682  seen sign 0.961 (slow alone 0.961)
  26800 batches   1628 s  validation sign 0.881 (slow alone 0.881) 3-way 0.682  seen sign 0.964 (slow alone 0.964)
  27200 batches   1653 s  validation sign 0.880 (slow alone 0.880) 3-way 0.670  seen sign 0.960 (slow alone 0.960)
  27600 batches   1677 s  validation sign 0.870 (slow alone 0.870) 3-way 0.651  seen sign 0.949 (slow alone 0.949)
  28000 batches   1702 s  validation sign 0.874 (slow alone 0.874) 3-way 0.668  seen sign 0.958 (slow alone 0.958)
  28400 batches   1726 s  validation sign 0.887 (slow alone 0.887) 3-way 0.685  seen sign 0.964 (slow alone 0.964)  kept
  28800 batches   1750 s  validation sign 0.888 (slow alone 0.888) 3-way 0.677  seen sign 0.966 (slow alone 0.966)  kept
  29200 batches   1775 s  validation sign 0.888 (slow alone 0.888) 3-way 0.682  seen sign 0.962 (slow alone 0.962)  kept
  29600 batches   1799 s  validation sign 0.887 (slow alone 0.887) 3-way 0.675  seen sign 0.964 (slow alone 0.964)
  30000 batches   1824 s  validation sign 0.887 (slow alone 0.887) 3-way 0.681  seen sign 0.963 (slow alone 0.963)
  30400 batches   1848 s  validation sign 0.889 (slow alone 0.889) 3-way 0.690  seen sign 0.965 (slow alone 0.965)  kept
  30800 batches   1872 s  validation sign 0.887 (slow alone 0.887) 3-way 0.678  seen sign 0.965 (slow alone 0.965)
  31200 batches   1897 s  validation sign 0.859 (slow alone 0.859) 3-way 0.648  seen sign 0.950 (slow alone 0.950)
  31600 batches   1921 s  validation sign 0.888 (slow alone 0.888) 3-way 0.685  seen sign 0.963 (slow alone 0.963)
  32000 batches   1946 s  validation sign 0.886 (slow alone 0.886) 3-way 0.681  seen sign 0.965 (slow alone 0.965)
  32400 batches   1970 s  validation sign 0.881 (slow alone 0.881) 3-way 0.673  seen sign 0.962 (slow alone 0.962)
  32800 batches   1994 s  validation sign 0.884 (slow alone 0.884) 3-way 0.675  seen sign 0.961 (slow alone 0.961)
  33200 batches   2019 s  validation sign 0.870 (slow alone 0.870) 3-way 0.672  seen sign 0.957 (slow alone 0.957)
  33600 batches   2043 s  validation sign 0.882 (slow alone 0.882) 3-way 0.678  seen sign 0.964 (slow alone 0.964)
  34000 batches   2068 s  validation sign 0.889 (slow alone 0.889) 3-way 0.689  seen sign 0.966 (slow alone 0.966)  kept
  34400 batches   2092 s  validation sign 0.884 (slow alone 0.884) 3-way 0.690  seen sign 0.961 (slow alone 0.961)
  34800 batches   2117 s  validation sign 0.889 (slow alone 0.889) 3-way 0.681  seen sign 0.967 (slow alone 0.967)  kept
  35200 batches   2141 s  validation sign 0.890 (slow alone 0.890) 3-way 0.686  seen sign 0.966 (slow alone 0.966)  kept
  35600 batches   2165 s  validation sign 0.891 (slow alone 0.891) 3-way 0.684  seen sign 0.966 (slow alone 0.966)  kept
  36000 batches   2190 s  validation sign 0.882 (slow alone 0.882) 3-way 0.685  seen sign 0.962 (slow alone 0.962)
  36400 batches   2214 s  validation sign 0.888 (slow alone 0.888) 3-way 0.684  seen sign 0.964 (slow alone 0.964)
  36800 batches   2238 s  validation sign 0.887 (slow alone 0.887) 3-way 0.681  seen sign 0.965 (slow alone 0.965)
  37200 batches   2263 s  validation sign 0.888 (slow alone 0.888) 3-way 0.688  seen sign 0.967 (slow alone 0.967)
  37600 batches   2287 s  validation sign 0.893 (slow alone 0.893) 3-way 0.694  seen sign 0.967 (slow alone 0.967)  kept
  38000 batches   2311 s  validation sign 0.886 (slow alone 0.886) 3-way 0.688  seen sign 0.966 (slow alone 0.966)
  38400 batches   2335 s  validation sign 0.884 (slow alone 0.884) 3-way 0.691  seen sign 0.965 (slow alone 0.965)
  38800 batches   2360 s  validation sign 0.891 (slow alone 0.891) 3-way 0.688  seen sign 0.964 (slow alone 0.964)
  39200 batches   2384 s  validation sign 0.895 (slow alone 0.895) 3-way 0.697  seen sign 0.967 (slow alone 0.967)  kept
  39600 batches   2408 s  validation sign 0.894 (slow alone 0.894) 3-way 0.690  seen sign 0.969 (slow alone 0.969)
  40000 batches   2433 s  validation sign 0.891 (slow alone 0.891) 3-way 0.689  seen sign 0.967 (slow alone 0.967)
  40400 batches   2457 s  validation sign 0.887 (slow alone 0.887) 3-way 0.682  seen sign 0.968 (slow alone 0.968)
  40800 batches   2481 s  validation sign 0.896 (slow alone 0.896) 3-way 0.697  seen sign 0.969 (slow alone 0.969)  kept
  41200 batches   2506 s  validation sign 0.892 (slow alone 0.892) 3-way 0.694  seen sign 0.969 (slow alone 0.969)
  41600 batches   2530 s  validation sign 0.896 (slow alone 0.896) 3-way 0.693  seen sign 0.969 (slow alone 0.969)  kept
  42000 batches   2554 s  validation sign 0.892 (slow alone 0.892) 3-way 0.696  seen sign 0.967 (slow alone 0.967)
  42400 batches   2578 s  validation sign 0.890 (slow alone 0.890) 3-way 0.692  seen sign 0.965 (slow alone 0.965)
  42800 batches   2603 s  validation sign 0.889 (slow alone 0.889) 3-way 0.689  seen sign 0.964 (slow alone 0.964)
  43200 batches   2627 s  validation sign 0.890 (slow alone 0.890) 3-way 0.693  seen sign 0.968 (slow alone 0.968)
  43600 batches   2652 s  validation sign 0.893 (slow alone 0.893) 3-way 0.690  seen sign 0.969 (slow alone 0.969)
  44000 batches   2676 s  validation sign 0.890 (slow alone 0.890) 3-way 0.694  seen sign 0.968 (slow alone 0.968)
  44400 batches   2700 s  validation sign 0.888 (slow alone 0.888) 3-way 0.692  seen sign 0.966 (slow alone 0.966)
  44800 batches   2725 s  validation sign 0.887 (slow alone 0.887) 3-way 0.690  seen sign 0.966 (slow alone 0.966)
  45200 batches   2749 s  validation sign 0.896 (slow alone 0.896) 3-way 0.696  seen sign 0.968 (slow alone 0.968)
  45600 batches   2773 s  validation sign 0.888 (slow alone 0.888) 3-way 0.682  seen sign 0.963 (slow alone 0.963)
  46000 batches   2798 s  validation sign 0.889 (slow alone 0.889) 3-way 0.680  seen sign 0.965 (slow alone 0.965)
  46400 batches   2822 s  validation sign 0.895 (slow alone 0.895) 3-way 0.700  seen sign 0.970 (slow alone 0.970)
  46800 batches   2847 s  validation sign 0.894 (slow alone 0.894) 3-way 0.688  seen sign 0.968 (slow alone 0.968)
  47200 batches   2871 s  validation sign 0.895 (slow alone 0.895) 3-way 0.695  seen sign 0.968 (slow alone 0.968)
  47600 batches   2895 s  validation sign 0.895 (slow alone 0.895) 3-way 0.694  seen sign 0.968 (slow alone 0.968)
  48000 batches   2920 s  validation sign 0.897 (slow alone 0.897) 3-way 0.696  seen sign 0.969 (slow alone 0.969)  kept
  48400 batches   2944 s  validation sign 0.900 (slow alone 0.900) 3-way 0.699  seen sign 0.969 (slow alone 0.969)  kept
  48800 batches   2969 s  validation sign 0.896 (slow alone 0.896) 3-way 0.693  seen sign 0.970 (slow alone 0.970)
  49200 batches   2993 s  validation sign 0.895 (slow alone 0.895) 3-way 0.694  seen sign 0.967 (slow alone 0.967)
  49600 batches   3017 s  validation sign 0.896 (slow alone 0.896) 3-way 0.699  seen sign 0.970 (slow alone 0.970)
  50000 batches   3042 s  validation sign 0.898 (slow alone 0.898) 3-way 0.699  seen sign 0.969 (slow alone 0.969)
  50400 batches   3066 s  validation sign 0.896 (slow alone 0.896) 3-way 0.702  seen sign 0.970 (slow alone 0.970)
  50800 batches   3090 s  validation sign 0.895 (slow alone 0.895) 3-way 0.695  seen sign 0.968 (slow alone 0.968)
  51200 batches   3115 s  validation sign 0.896 (slow alone 0.896) 3-way 0.700  seen sign 0.970 (slow alone 0.970)
  51600 batches   3139 s  validation sign 0.889 (slow alone 0.889) 3-way 0.687  seen sign 0.967 (slow alone 0.967)
  52000 batches   3163 s  validation sign 0.899 (slow alone 0.899) 3-way 0.696  seen sign 0.967 (slow alone 0.967)
  52400 batches   3187 s  validation sign 0.896 (slow alone 0.896) 3-way 0.692  seen sign 0.968 (slow alone 0.968)
  52800 batches   3211 s  validation sign 0.896 (slow alone 0.896) 3-way 0.701  seen sign 0.970 (slow alone 0.970)
  53200 batches   3234 s  validation sign 0.885 (slow alone 0.885) 3-way 0.689  seen sign 0.968 (slow alone 0.968)
  53600 batches   3258 s  validation sign 0.900 (slow alone 0.900) 3-way 0.705  seen sign 0.970 (slow alone 0.970)  kept
  54000 batches   3282 s  validation sign 0.894 (slow alone 0.894) 3-way 0.695  seen sign 0.969 (slow alone 0.969)
  54400 batches   3306 s  validation sign 0.890 (slow alone 0.890) 3-way 0.697  seen sign 0.968 (slow alone 0.968)
  54800 batches   3329 s  validation sign 0.897 (slow alone 0.897) 3-way 0.699  seen sign 0.969 (slow alone 0.969)
  55200 batches   3353 s  validation sign 0.900 (slow alone 0.900) 3-way 0.699  seen sign 0.970 (slow alone 0.970)
  55600 batches   3377 s  validation sign 0.899 (slow alone 0.899) 3-way 0.697  seen sign 0.972 (slow alone 0.972)
  56000 batches   3400 s  validation sign 0.900 (slow alone 0.900) 3-way 0.703  seen sign 0.971 (slow alone 0.971)
  56400 batches   3424 s  validation sign 0.903 (slow alone 0.903) 3-way 0.699  seen sign 0.972 (slow alone 0.972)  kept
  56800 batches   3448 s  validation sign 0.902 (slow alone 0.902) 3-way 0.704  seen sign 0.971 (slow alone 0.971)
  57200 batches   3472 s  validation sign 0.900 (slow alone 0.900) 3-way 0.698  seen sign 0.971 (slow alone 0.971)
  57600 batches   3498 s  validation sign 0.900 (slow alone 0.900) 3-way 0.701  seen sign 0.971 (slow alone 0.971)
  58000 batches   3523 s  validation sign 0.899 (slow alone 0.899) 3-way 0.699  seen sign 0.965 (slow alone 0.965)
  58400 batches   3549 s  validation sign 0.902 (slow alone 0.902) 3-way 0.703  seen sign 0.970 (slow alone 0.970)
  58800 batches   3574 s  validation sign 0.902 (slow alone 0.902) 3-way 0.706  seen sign 0.971 (slow alone 0.971)
  59200 batches   3600 s  validation sign 0.899 (slow alone 0.899) 3-way 0.700  seen sign 0.969 (slow alone 0.969)
  59600 batches   3625 s  validation sign 0.900 (slow alone 0.900) 3-way 0.703  seen sign 0.970 (slow alone 0.970)
  60000 batches   3651 s  validation sign 0.900 (slow alone 0.900) 3-way 0.707  seen sign 0.973 (slow alone 0.973)
  60400 batches   3676 s  validation sign 0.898 (slow alone 0.898) 3-way 0.705  seen sign 0.972 (slow alone 0.972)
  60800 batches   3702 s  validation sign 0.897 (slow alone 0.897) 3-way 0.703  seen sign 0.970 (slow alone 0.970)
  61200 batches   3727 s  validation sign 0.903 (slow alone 0.903) 3-way 0.710  seen sign 0.971 (slow alone 0.971)  kept
  61600 batches   3752 s  validation sign 0.902 (slow alone 0.902) 3-way 0.714  seen sign 0.972 (slow alone 0.972)
  62000 batches   3776 s  validation sign 0.901 (slow alone 0.901) 3-way 0.706  seen sign 0.973 (slow alone 0.973)
  62400 batches   3800 s  validation sign 0.903 (slow alone 0.903) 3-way 0.702  seen sign 0.972 (slow alone 0.972)
  62800 batches   3825 s  validation sign 0.900 (slow alone 0.900) 3-way 0.704  seen sign 0.973 (slow alone 0.973)
  63200 batches   3849 s  validation sign 0.900 (slow alone 0.900) 3-way 0.706  seen sign 0.971 (slow alone 0.971)
  63600 batches   3873 s  validation sign 0.897 (slow alone 0.897) 3-way 0.705  seen sign 0.972 (slow alone 0.972)
  64000 batches   3897 s  validation sign 0.902 (slow alone 0.902) 3-way 0.707  seen sign 0.976 (slow alone 0.976)
  64400 batches   3922 s  validation sign 0.896 (slow alone 0.896) 3-way 0.703  seen sign 0.968 (slow alone 0.968)
  64800 batches   3946 s  validation sign 0.901 (slow alone 0.901) 3-way 0.710  seen sign 0.972 (slow alone 0.972)
  65200 batches   3971 s  validation sign 0.901 (slow alone 0.901) 3-way 0.705  seen sign 0.973 (slow alone 0.973)
  65600 batches   3995 s  validation sign 0.900 (slow alone 0.900) 3-way 0.714  seen sign 0.973 (slow alone 0.973)
  66000 batches   4019 s  validation sign 0.901 (slow alone 0.901) 3-way 0.711  seen sign 0.975 (slow alone 0.975)
  66400 batches   4044 s  validation sign 0.900 (slow alone 0.900) 3-way 0.703  seen sign 0.970 (slow alone 0.970)
  66800 batches   4068 s  validation sign 0.902 (slow alone 0.902) 3-way 0.705  seen sign 0.973 (slow alone 0.973)
  67200 batches   4092 s  validation sign 0.902 (slow alone 0.902) 3-way 0.706  seen sign 0.971 (slow alone 0.971)
  67600 batches   4117 s  validation sign 0.904 (slow alone 0.904) 3-way 0.711  seen sign 0.973 (slow alone 0.973)  kept
  68000 batches   4141 s  validation sign 0.904 (slow alone 0.904) 3-way 0.705  seen sign 0.976 (slow alone 0.976)
  68400 batches   4165 s  validation sign 0.901 (slow alone 0.901) 3-way 0.706  seen sign 0.975 (slow alone 0.975)
  68800 batches   4190 s  validation sign 0.901 (slow alone 0.901) 3-way 0.705  seen sign 0.971 (slow alone 0.971)
  69200 batches   4214 s  validation sign 0.901 (slow alone 0.901) 3-way 0.705  seen sign 0.973 (slow alone 0.973)
  69600 batches   4238 s  validation sign 0.897 (slow alone 0.897) 3-way 0.702  seen sign 0.968 (slow alone 0.968)
  70000 batches   4263 s  validation sign 0.903 (slow alone 0.903) 3-way 0.714  seen sign 0.974 (slow alone 0.974)
  70400 batches   4287 s  validation sign 0.902 (slow alone 0.902) 3-way 0.710  seen sign 0.973 (slow alone 0.973)
  70800 batches   4311 s  validation sign 0.903 (slow alone 0.903) 3-way 0.707  seen sign 0.975 (slow alone 0.975)
  71200 batches   4336 s  validation sign 0.907 (slow alone 0.907) 3-way 0.713  seen sign 0.975 (slow alone 0.975)  kept
  71600 batches   4360 s  validation sign 0.904 (slow alone 0.904) 3-way 0.707  seen sign 0.974 (slow alone 0.974)
  72000 batches   4384 s  validation sign 0.899 (slow alone 0.899) 3-way 0.705  seen sign 0.973 (slow alone 0.973)
  72400 batches   4409 s  validation sign 0.897 (slow alone 0.897) 3-way 0.704  seen sign 0.972 (slow alone 0.972)
  72800 batches   4433 s  validation sign 0.900 (slow alone 0.900) 3-way 0.705  seen sign 0.975 (slow alone 0.975)
  73200 batches   4457 s  validation sign 0.906 (slow alone 0.906) 3-way 0.709  seen sign 0.974 (slow alone 0.974)
  73600 batches   4480 s  validation sign 0.900 (slow alone 0.900) 3-way 0.709  seen sign 0.973 (slow alone 0.973)
  74000 batches   4504 s  validation sign 0.899 (slow alone 0.899) 3-way 0.708  seen sign 0.973 (slow alone 0.973)
  74400 batches   4528 s  validation sign 0.903 (slow alone 0.903) 3-way 0.709  seen sign 0.974 (slow alone 0.974)
  74800 batches   4552 s  validation sign 0.903 (slow alone 0.903) 3-way 0.707  seen sign 0.973 (slow alone 0.973)
  75200 batches   4576 s  validation sign 0.906 (slow alone 0.906) 3-way 0.711  seen sign 0.974 (slow alone 0.974)
  75600 batches   4599 s  validation sign 0.905 (slow alone 0.905) 3-way 0.710  seen sign 0.973 (slow alone 0.973)
  76000 batches   4623 s  validation sign 0.904 (slow alone 0.904) 3-way 0.711  seen sign 0.974 (slow alone 0.974)
  76400 batches   4647 s  validation sign 0.905 (slow alone 0.905) 3-way 0.708  seen sign 0.974 (slow alone 0.974)
  76800 batches   4671 s  validation sign 0.902 (slow alone 0.902) 3-way 0.711  seen sign 0.973 (slow alone 0.973)
  77200 batches   4695 s  validation sign 0.903 (slow alone 0.903) 3-way 0.709  seen sign 0.976 (slow alone 0.976)
  77600 batches   4718 s  validation sign 0.904 (slow alone 0.904) 3-way 0.713  seen sign 0.974 (slow alone 0.974)
  78000 batches   4742 s  validation sign 0.902 (slow alone 0.902) 3-way 0.706  seen sign 0.970 (slow alone 0.970)
  78400 batches   4766 s  validation sign 0.904 (slow alone 0.904) 3-way 0.718  seen sign 0.976 (slow alone 0.976)
  78800 batches   4790 s  validation sign 0.902 (slow alone 0.902) 3-way 0.711  seen sign 0.974 (slow alone 0.974)
  79200 batches   4813 s  validation sign 0.903 (slow alone 0.903) 3-way 0.712  seen sign 0.977 (slow alone 0.977)
  79600 batches   4837 s  validation sign 0.899 (slow alone 0.899) 3-way 0.706  seen sign 0.973 (slow alone 0.973)
  80000 batches   4861 s  validation sign 0.906 (slow alone 0.906) 3-way 0.716  seen sign 0.976 (slow alone 0.976)
  80400 batches   4885 s  validation sign 0.905 (slow alone 0.905) 3-way 0.718  seen sign 0.975 (slow alone 0.975)
  80800 batches   4909 s  validation sign 0.906 (slow alone 0.906) 3-way 0.716  seen sign 0.977 (slow alone 0.977)
  81200 batches   4932 s  validation sign 0.907 (slow alone 0.907) 3-way 0.712  seen sign 0.976 (slow alone 0.976)  kept
  81600 batches   4956 s  validation sign 0.904 (slow alone 0.904) 3-way 0.714  seen sign 0.976 (slow alone 0.976)
  82000 batches   4980 s  validation sign 0.899 (slow alone 0.899) 3-way 0.705  seen sign 0.974 (slow alone 0.974)
  82400 batches   5004 s  validation sign 0.904 (slow alone 0.904) 3-way 0.708  seen sign 0.975 (slow alone 0.975)
  82800 batches   5027 s  validation sign 0.908 (slow alone 0.908) 3-way 0.715  seen sign 0.975 (slow alone 0.975)  kept
  83200 batches   5051 s  validation sign 0.906 (slow alone 0.906) 3-way 0.718  seen sign 0.975 (slow alone 0.975)
  83600 batches   5075 s  validation sign 0.905 (slow alone 0.905) 3-way 0.716  seen sign 0.977 (slow alone 0.977)
  84000 batches   5099 s  validation sign 0.902 (slow alone 0.902) 3-way 0.716  seen sign 0.977 (slow alone 0.977)
  84400 batches   5123 s  validation sign 0.905 (slow alone 0.905) 3-way 0.723  seen sign 0.978 (slow alone 0.978)
  84800 batches   5146 s  validation sign 0.900 (slow alone 0.900) 3-way 0.708  seen sign 0.972 (slow alone 0.972)
  85200 batches   5170 s  validation sign 0.905 (slow alone 0.905) 3-way 0.713  seen sign 0.975 (slow alone 0.975)
  85600 batches   5194 s  validation sign 0.903 (slow alone 0.903) 3-way 0.718  seen sign 0.976 (slow alone 0.976)
  86000 batches   5217 s  validation sign 0.898 (slow alone 0.898) 3-way 0.700  seen sign 0.973 (slow alone 0.973)
  86400 batches   5241 s  validation sign 0.895 (slow alone 0.895) 3-way 0.709  seen sign 0.973 (slow alone 0.973)
  86800 batches   5265 s  validation sign 0.905 (slow alone 0.905) 3-way 0.715  seen sign 0.976 (slow alone 0.976)
  87200 batches   5289 s  validation sign 0.904 (slow alone 0.904) 3-way 0.715  seen sign 0.977 (slow alone 0.977)
  87600 batches   5313 s  validation sign 0.903 (slow alone 0.903) 3-way 0.715  seen sign 0.977 (slow alone 0.977)
  88000 batches   5336 s  validation sign 0.905 (slow alone 0.905) 3-way 0.717  seen sign 0.975 (slow alone 0.975)
  88400 batches   5360 s  validation sign 0.904 (slow alone 0.904) 3-way 0.714  seen sign 0.976 (slow alone 0.976)
  88800 batches   5384 s  validation sign 0.908 (slow alone 0.908) 3-way 0.716  seen sign 0.977 (slow alone 0.977)
  89200 batches   5408 s  validation sign 0.907 (slow alone 0.907) 3-way 0.714  seen sign 0.975 (slow alone 0.975)
  89600 batches   5431 s  validation sign 0.905 (slow alone 0.905) 3-way 0.717  seen sign 0.979 (slow alone 0.979)
  90000 batches   5455 s  validation sign 0.908 (slow alone 0.908) 3-way 0.716  seen sign 0.976 (slow alone 0.976)  kept
  90400 batches   5479 s  validation sign 0.903 (slow alone 0.903) 3-way 0.715  seen sign 0.976 (slow alone 0.976)
  90800 batches   5503 s  validation sign 0.901 (slow alone 0.901) 3-way 0.713  seen sign 0.978 (slow alone 0.978)
  91200 batches   5527 s  validation sign 0.906 (slow alone 0.906) 3-way 0.714  seen sign 0.974 (slow alone 0.974)
  91600 batches   5550 s  validation sign 0.906 (slow alone 0.906) 3-way 0.714  seen sign 0.977 (slow alone 0.977)
  92000 batches   5574 s  validation sign 0.906 (slow alone 0.906) 3-way 0.719  seen sign 0.978 (slow alone 0.978)
  92400 batches   5598 s  validation sign 0.907 (slow alone 0.907) 3-way 0.715  seen sign 0.975 (slow alone 0.975)
  92800 batches   5622 s  validation sign 0.906 (slow alone 0.906) 3-way 0.719  seen sign 0.978 (slow alone 0.978)
  93200 batches   5646 s  validation sign 0.900 (slow alone 0.900) 3-way 0.713  seen sign 0.973 (slow alone 0.973)
  93600 batches   5669 s  validation sign 0.900 (slow alone 0.900) 3-way 0.713  seen sign 0.974 (slow alone 0.974)
  94000 batches   5693 s  validation sign 0.906 (slow alone 0.906) 3-way 0.722  seen sign 0.977 (slow alone 0.977)
  94400 batches   5717 s  validation sign 0.909 (slow alone 0.909) 3-way 0.719  seen sign 0.979 (slow alone 0.979)  kept
  94800 batches   5741 s  validation sign 0.896 (slow alone 0.896) 3-way 0.716  seen sign 0.976 (slow alone 0.976)
  95200 batches   5765 s  validation sign 0.905 (slow alone 0.905) 3-way 0.715  seen sign 0.978 (slow alone 0.978)
  95600 batches   5788 s  validation sign 0.909 (slow alone 0.909) 3-way 0.723  seen sign 0.978 (slow alone 0.978)  kept
  96000 batches   5812 s  validation sign 0.905 (slow alone 0.905) 3-way 0.715  seen sign 0.977 (slow alone 0.977)
  96400 batches   5836 s  validation sign 0.908 (slow alone 0.908) 3-way 0.719  seen sign 0.978 (slow alone 0.978)
  96800 batches   5860 s  validation sign 0.905 (slow alone 0.905) 3-way 0.716  seen sign 0.978 (slow alone 0.978)
  97200 batches   5884 s  validation sign 0.905 (slow alone 0.905) 3-way 0.722  seen sign 0.976 (slow alone 0.976)
  97600 batches   5907 s  validation sign 0.906 (slow alone 0.906) 3-way 0.718  seen sign 0.978 (slow alone 0.978)
  98000 batches   5931 s  validation sign 0.907 (slow alone 0.907) 3-way 0.724  seen sign 0.979 (slow alone 0.979)
  98400 batches   5955 s  validation sign 0.904 (slow alone 0.904) 3-way 0.718  seen sign 0.975 (slow alone 0.975)
  98800 batches   5979 s  validation sign 0.905 (slow alone 0.905) 3-way 0.720  seen sign 0.978 (slow alone 0.978)
  99200 batches   6002 s  validation sign 0.904 (slow alone 0.904) 3-way 0.718  seen sign 0.977 (slow alone 0.977)
  99600 batches   6026 s  validation sign 0.903 (slow alone 0.903) 3-way 0.717  seen sign 0.978 (slow alone 0.978)
 100000 batches   6050 s  validation sign 0.906 (slow alone 0.906) 3-way 0.724  seen sign 0.977 (slow alone 0.977)
 100400 batches   6074 s  validation sign 0.907 (slow alone 0.907) 3-way 0.723  seen sign 0.978 (slow alone 0.978)
 100800 batches   6098 s  validation sign 0.905 (slow alone 0.905) 3-way 0.713  seen sign 0.978 (slow alone 0.978)
 101200 batches   6121 s  validation sign 0.906 (slow alone 0.906) 3-way 0.715  seen sign 0.978 (slow alone 0.978)
 101600 batches   6145 s  validation sign 0.902 (slow alone 0.902) 3-way 0.710  seen sign 0.976 (slow alone 0.976)
 102000 batches   6169 s  validation sign 0.910 (slow alone 0.910) 3-way 0.723  seen sign 0.979 (slow alone 0.979)  kept
 102400 batches   6193 s  validation sign 0.907 (slow alone 0.907) 3-way 0.724  seen sign 0.979 (slow alone 0.979)
 102800 batches   6217 s  validation sign 0.899 (slow alone 0.899) 3-way 0.714  seen sign 0.974 (slow alone 0.974)
 103200 batches   6240 s  validation sign 0.904 (slow alone 0.904) 3-way 0.712  seen sign 0.975 (slow alone 0.975)
 103600 batches   6264 s  validation sign 0.907 (slow alone 0.907) 3-way 0.719  seen sign 0.978 (slow alone 0.978)
 104000 batches   6288 s  validation sign 0.907 (slow alone 0.907) 3-way 0.725  seen sign 0.978 (slow alone 0.978)
 104169 batches   6299 s  validation sign 0.908 (slow alone 0.908) 3-way 0.720  seen sign 0.977 (slow alone 0.977)
kept batch 102000: reported unseen {'positions': 10702, 'sign': 0.9058392587804353, 'slow_sign': 0.9058392587804353, 'three_way': 0.7237899458045225, 'mse': 0.26241715373053653}  seen {'positions': 7983, 'sign': 0.9786396852164138, 'slow_sign': 0.9786396852164138, 'three_way': 0.8789928598271327, 'mse': 0.08364128029168769}
  unseen, 0-8 stones: {'positions': 31, 'sign': 0.9259259259259259, 'slow_sign': 0.9259259259259259, 'three_way': 0.7096774193548387, 'mse': 0.17729766146422826}
  unseen, 8-16 stones: {'positions': 816, 'sign': 0.8835616438356164, 'slow_sign': 0.8835616438356164, 'three_way': 0.7009803921568627, 'mse': 0.2407940642358681}
  unseen, 16-24 stones: {'positions': 2501, 'sign': 0.8949259092950157, 'slow_sign': 0.8949259092950157, 'three_way': 0.6965213914434226, 'mse': 0.26623911510934894}
  unseen, 24-43 stones: {'positions': 7354, 'sign': 0.9121943474118768, 'slow_sign': 0.9121943474118768, 'three_way': 0.7356540658145228, 'mse': 0.26387546483734853}
